[0m21:48:03.539508 [debug] [MainThread]: Sending event: {'category': 'dbt', 'action': 'invocation', 'label': 'start', 'context': [<snowplow_tracker.self_describing_json.SelfDescribingJson object at 0x000002855178DFA0>, <snowplow_tracker.self_describing_json.SelfDescribingJson object at 0x00000285515BC470>, <snowplow_tracker.self_describing_json.SelfDescribingJson object at 0x00000285519B03E0>]}


============================== 21:48:03.675641 | 29cddaf8-d63d-475c-a501-bce2246fa6db ==============================
[0m21:48:03.675641 [info ] [MainThread]: Running with dbt=1.11.8
[0m21:48:03.678640 [debug] [MainThread]: running dbt with arguments {'static_parser': 'True', 'no_print': 'None', 'version_check': 'True', 'target_path': 'None', 'warn_error_options': 'WarnErrorOptionsV2(error=[], warn=[], silence=[])', 'printer_width': '80', 'write_json': 'True', 'empty': 'None', 'log_cache_events': 'False', 'introspect': 'True', 'cache_selected_only': 'False', 'fail_fast': 'False', 'debug': 'False', 'log_format': 'default', 'profiles_dir': 'C:\\Users\\Dell\\.dbt', 'send_anonymous_usage_stats': 'True', 'quiet': 'False', 'warn_error': 'None', 'partial_parse': 'True', 'invocation_command': 'dbt init', 'use_colors': 'True', 'indirect_selection': 'eager', 'use_experimental_parser': 'False', 'log_path': 'logs'}
[0m21:48:03.921350 [info ] [MainThread]: Creating dbt configuration folder at C:\Users\Dell\.dbt
[0m21:48:16.831049 [debug] [MainThread]: Starter project path: C:\code_de\dbtproject\dbt\.venv\Lib\site-packages\dbt\include\starter_project
[0m21:48:16.916819 [info ] [MainThread]: 
Your new dbt project "sidd_dbt_proj" was created!

For more information on how to configure the profiles.yml file,
please consult the dbt documentation here:

  https://docs.getdbt.com/docs/configure-your-profile

One more thing:

Need help? Don't hesitate to reach out to us via GitHub issues or on Slack:

  https://community.getdbt.com/

Happy modeling!

[0m21:48:16.920868 [info ] [MainThread]: Setting up your profile.
[0m21:48:26.962543 [debug] [MainThread]: Spark adapter: Setting pyhive.hive logging to ERROR
[0m21:48:26.962543 [debug] [MainThread]: Spark adapter: Setting thrift.transport logging to ERROR
[0m21:48:26.962543 [debug] [MainThread]: Spark adapter: Setting thrift.protocol logging to ERROR
[0m21:51:20.510681 [info ] [MainThread]: Profile sidd_dbt_proj written to C:\Users\Dell\.dbt\profiles.yml using target's profile_template.yml and your supplied values. Run 'dbt debug' to validate the connection.
[0m21:51:20.510681 [debug] [MainThread]: Command `dbt init` succeeded at 21:51:20.510681 after 197.33 seconds
[0m21:51:20.527298 [debug] [MainThread]: Sending event: {'category': 'dbt', 'action': 'invocation', 'label': 'end', 'context': [<snowplow_tracker.self_describing_json.SelfDescribingJson object at 0x000002855D424260>, <snowplow_tracker.self_describing_json.SelfDescribingJson object at 0x000002855DC249B0>, <snowplow_tracker.self_describing_json.SelfDescribingJson object at 0x000002855DCBD4C0>]}
[0m21:51:20.529441 [debug] [MainThread]: Flushing usage events
[0m21:51:22.358501 [debug] [MainThread]: An error was encountered while trying to flush usage events
